Last login: Wed Nov 19 21:58:43 on ttys000
/Users/keshuk/.zshrc:source:1: no such file or directory: /Users/keshuk/.venv/carPython/bin/activate
keshuk@hnt-12967 ~ % npx create-next-app@latest aux-reimagined
cd aux-reimagined

Need to install the following packages:
create-next-app@16.1.3
Ok to proceed? (y) y

✔ Would you like to use the recommended Next.js defaults? › Yes, use recommended defaults
Creating a new Next.js app in /Users/keshuk/aux-reimagined.

Using npm.

Initializing project with template: app-tw 


Installing dependencies:
- next
- react
- react-dom

Installing devDependencies:
- @tailwindcss/postcss
- @types/node
- @types/react
- @types/react-dom
- eslint
- eslint-config-next
- tailwindcss
- typescript


added 357 packages, and audited 358 packages in 14s

142 packages are looking for funding
  run `npm fund` for details

found 0 vulnerabilities

Generating route types...
✓ Types generated successfully

Success! Created aux-reimagined at /Users/keshuk/aux-reimagined

npm notice
npm notice New minor version of npm available! 11.6.2 -> 11.7.0
npm notice Changelog: https://github.com/npm/cli/releases/tag/v11.7.0
npm notice To update run: npm install -g npm@11.7.0
npm notice
keshuk@hnt-12967 aux-reimagined % npm i jose


added 1 package, and audited 359 packages in 561ms

143 packages are looking for funding
  run `npm fund` for details

found 0 vulnerabilities
keshuk@hnt-12967 aux-reimagined % .env.local
zsh: command not found: .env.local
keshuk@hnt-12967 aux-reimagined % cd /path/to/aux-reimagined
touch .env.local
open .env.local

cd: no such file or directory: /path/to/aux-reimagined
No application knows how to open URL file:///Users/keshuk/aux-reimagined/.env.local (Error Domain=NSOSStatusErrorDomain Code=-10814 "kLSApplicationNotFoundErr: E.g. no application claims the file" UserInfo={_LSLine=1608, _LSFunction=runEvaluator}).
keshuk@hnt-12967 aux-reimagined % cd /path/to/aux-reimagined
cd: no such file or directory: /path/to/aux-reimagined
keshuk@hnt-12967 aux-reimagined % nano .env.local


  UW PICO 5.09                    File: .env.local                    Modified  


APPLE_MUSIC_KEY_B64="LS0tLS1CRUdJTiBQUklWQVRFIEtFWS0tLS0tCk1JR1RBZ0VBTUJNR0J5cU$
"
APPLE_MUSIC_KEY_ID="CHPXCN6654"
APPLE_MUSIC_TEAM_ID="CU8CY527YQ"
APPLE_MUSIC_ORIGIN="http://localhost:3000"














^G Get Help  ^O WriteOut  ^R Read File ^Y Prev Pg   ^K Cut Text  ^C Cur Pos   
^X Exit      ^J Justify   ^W Where is  ^V Next Pg   ^U UnCut Text^T To Spell  
